// Jest Snapshot v1, https://goo.gl/fbAQLP

exports[`Home snapshot 1`] = `
<View>
  <Text>
    Home Component
  </Text>
  <View>
    <Text>
      jest testing ...
    </Text>
  </View>
  <TextInput
    allowFontScaling={true}
    onChangeText={[Function]}
    placeholder="Enter a username in the provided field"
    rejectResponderTermination={true}
    testID="username"
    underlineColorAndroid="transparent"
  />
</View>
`;
